## #parallel GC策略 
配置: -Xms256M -Xmx256M -XX:+UseParallelGC -XX:+PrintGCDetails

```shell
/Library/Java/JavaVirtualMachines/jdk1.8.0_181.jdk/Contents/Home/bin/java -Xms256M -Xmx256M -XX:+UseParallelGC -XX:+PrintGCDetails -javaagent:/Applications/IntelliJ IDEA.app/Contents/lib/idea_rt.jar=58957:/Applications/IntelliJ IDEA.app/Contents/bin -Dfile.encoding=UTF-8 -classpath /Library/Java/JavaVirtualMachines/jdk1.8.0_181.jdk/Contents/Home/jre/lib/charsets.jar:/Library/Java/JavaVirtualMachines/jdk1.8.0_181.jdk/Contents/Home/jre/lib/deploy.jar:/Library/Java/JavaVirtualMachines/jdk1.8.0_181.jdk/Contents/Home/jre/lib/ext/cldrdata.jar:/Library/Java/JavaVirtualMachines/jdk1.8.0_181.jdk/Contents/Home/jre/lib/ext/dnsns.jar:/Library/Java/JavaVirtualMachines/jdk1.8.0_181.jdk/Contents/Home/jre/lib/ext/jaccess.jar:/Library/Java/JavaVirtualMachines/jdk1.8.0_181.jdk/Contents/Home/jre/lib/ext/jfxrt.jar:/Library/Java/JavaVirtualMachines/jdk1.8.0_181.jdk/Contents/Home/jre/lib/ext/localedata.jar:/Library/Java/JavaVirtualMachines/jdk1.8.0_181.jdk/Contents/Home/jre/lib/ext/nashorn.jar:/Library/Java/JavaVirtualMachines/jdk1.8.0_181.jdk/Contents/Home/jre/lib/ext/sunec.jar:/Library/Java/JavaVirtualMachines/jdk1.8.0_181.jdk/Contents/Home/jre/lib/ext/sunjce_provider.jar:/Library/Java/JavaVirtualMachines/jdk1.8.0_181.jdk/Contents/Home/jre/lib/ext/sunpkcs11.jar:/Library/Java/JavaVirtualMachines/jdk1.8.0_181.jdk/Contents/Home/jre/lib/ext/zipfs.jar:/Library/Java/JavaVirtualMachines/jdk1.8.0_181.jdk/Contents/Home/jre/lib/javaws.jar:/Library/Java/JavaVirtualMachines/jdk1.8.0_181.jdk/Contents/Home/jre/lib/jce.jar:/Library/Java/JavaVirtualMachines/jdk1.8.0_181.jdk/Contents/Home/jre/lib/jfr.jar:/Library/Java/JavaVirtualMachines/jdk1.8.0_181.jdk/Contents/Home/jre/lib/jfxswt.jar:/Library/Java/JavaVirtualMachines/jdk1.8.0_181.jdk/Contents/Home/jre/lib/jsse.jar:/Library/Java/JavaVirtualMachines/jdk1.8.0_181.jdk/Contents/Home/jre/lib/management-agent.jar:/Library/Java/JavaVirtualMachines/jdk1.8.0_181.jdk/Contents/Home/jre/lib/plugin.jar:/Library/Java/JavaVirtualMachines/jdk1.8.0_181.jdk/Contents/Home/jre/lib/resources.jar:/Library/Java/JavaVirtualMachines/jdk1.8.0_181.jdk/Contents/Home/jre/lib/rt.jar:/Library/Java/JavaVirtualMachines/jdk1.8.0_181.jdk/Contents/Home/lib/ant-javafx.jar:/Library/Java/JavaVirtualMachines/jdk1.8.0_181.jdk/Contents/Home/lib/dt.jar:/Library/Java/JavaVirtualMachines/jdk1.8.0_181.jdk/Contents/Home/lib/javafx-mx.jar:/Library/Java/JavaVirtualMachines/jdk1.8.0_181.jdk/Contents/Home/lib/jconsole.jar:/Library/Java/JavaVirtualMachines/jdk1.8.0_181.jdk/Contents/Home/lib/packager.jar:/Library/Java/JavaVirtualMachines/jdk1.8.0_181.jdk/Contents/Home/lib/sa-jdi.jar:/Library/Java/JavaVirtualMachines/jdk1.8.0_181.jdk/Contents/Home/lib/tools.jar:/Users/eugene/projects/Frontend-01-Template/out/production/Frontend-01-Template com.geek.GCLogAnalysis
[GC (Allocation Failure) [PSYoungGen: 65383K->10747K(76288K)] 65383K->62534K(251392K), 0.0260831 secs] [Times: user=0.08 sys=0.08, real=0.02 secs] 
[GC (Allocation Failure) [PSYoungGen: 76045K->10750K(76288K)] 127832K->129429K(251392K), 0.0345389 secs] [Times: user=0.10 sys=0.10, real=0.03 secs] 
[Full GC (Ergonomics) [PSYoungGen: 10750K->0K(76288K)] [ParOldGen: 118678K->125983K(175104K)] 129429K->125983K(251392K), [Metaspace: 3328K->3328K(1056768K)], 0.0577328 secs] [Times: user=0.21 sys=0.01, real=0.06 secs] 
[Full GC (Ergonomics) [PSYoungGen: 65196K->14257K(76288K)] [ParOldGen: 125983K->174943K(175104K)] 191179K->189201K(251392K), [Metaspace: 3329K->3329K(1056768K)], 0.0707446 secs] [Times: user=0.29 sys=0.06, real=0.07 secs] 
[Full GC (Ergonomics) [PSYoungGen: 65381K->64597K(76288K)] [ParOldGen: 174943K->174852K(175104K)] 240324K->239449K(251392K), [Metaspace: 3329K->3329K(1056768K)], 0.1007131 secs] [Times: user=0.49 sys=0.01, real=0.10 secs] 
[Full GC (Ergonomics) [PSYoungGen: 65536K->65195K(76288K)] [ParOldGen: 174852K->174852K(175104K)] 240388K->240047K(251392K), [Metaspace: 3329K->3329K(1056768K)], 0.0562430 secs] [Times: user=0.30 sys=0.00, real=0.06 secs] 
[Full GC (Allocation Failure) [PSYoungGen: 65195K->65195K(76288K)] [ParOldGen: 174852K->174832K(175104K)] 240047K->240028K(251392K), [Metaspace: 3329K->3329K(1056768K)], 0.0740437 secs] [Times: user=0.36 sys=0.00, real=0.07 secs] 
Heap
 PSYoungGen      total 76288K, used 65536K [0x00000007bab00000, 0x00000007c0000000, 0x00000007c0000000)
  eden space 65536K, 100% used [0x00000007bab00000,0x00000007beb00000,0x00000007beb00000)
  from space 10752K, 0% used [0x00000007bf580000,0x00000007bf580000,0x00000007c0000000)
  to   space 10752K, 0% used [0x00000007beb00000,0x00000007beb00000,0x00000007bf580000)
 ParOldGen       total 175104K, used 174836K [0x00000007b0000000, 0x00000007bab00000, 0x00000007bab00000)
  object space 175104K, 99% used [0x00000007b0000000,0x00000007baabd3b8,0x00000007bab00000)
 Metaspace       used 3361K, capacity 4500K, committed 4864K, reserved 1056768K
  class space    used 369K, capacity 388K, committed 512K, reserved 1048576K
Exception in thread "main" java.lang.OutOfMemoryError: Java heap space
	at com.geek.GCLogAnalysis.mock(GCLogAnalysis.java:78)
	at com.geek.GCLogAnalysis.main(GCLogAnalysis.java:25)
```