## #SerialGCgc策略
配置: -Xms256M -Xmx256M -XX:+UseSerialGC -XX:+PrintGCDetails
```shell
/Library/Java/JavaVirtualMachines/jdk1.8.0_181.jdk/Contents/Home/bin/java -Xms256M -Xmx256M -XX:+UseSerialGC -XX:+PrintGCDetails -javaagent:/Applications/IntelliJ IDEA.app/Contents/lib/idea_rt.jar=57135:/Applications/IntelliJ IDEA.app/Contents/bin -Dfile.encoding=UTF-8 -classpath /Library/Java/JavaVirtualMachines/jdk1.8.0_181.jdk/Contents/Home/jre/lib/charsets.jar:/Library/Java/JavaVirtualMachines/jdk1.8.0_181.jdk/Contents/Home/jre/lib/deploy.jar:/Library/Java/JavaVirtualMachines/jdk1.8.0_181.jdk/Contents/Home/jre/lib/ext/cldrdata.jar:/Library/Java/JavaVirtualMachines/jdk1.8.0_181.jdk/Contents/Home/jre/lib/ext/dnsns.jar:/Library/Java/JavaVirtualMachines/jdk1.8.0_181.jdk/Contents/Home/jre/lib/ext/jaccess.jar:/Library/Java/JavaVirtualMachines/jdk1.8.0_181.jdk/Contents/Home/jre/lib/ext/jfxrt.jar:/Library/Java/JavaVirtualMachines/jdk1.8.0_181.jdk/Contents/Home/jre/lib/ext/localedata.jar:/Library/Java/JavaVirtualMachines/jdk1.8.0_181.jdk/Contents/Home/jre/lib/ext/nashorn.jar:/Library/Java/JavaVirtualMachines/jdk1.8.0_181.jdk/Contents/Home/jre/lib/ext/sunec.jar:/Library/Java/JavaVirtualMachines/jdk1.8.0_181.jdk/Contents/Home/jre/lib/ext/sunjce_provider.jar:/Library/Java/JavaVirtualMachines/jdk1.8.0_181.jdk/Contents/Home/jre/lib/ext/sunpkcs11.jar:/Library/Java/JavaVirtualMachines/jdk1.8.0_181.jdk/Contents/Home/jre/lib/ext/zipfs.jar:/Library/Java/JavaVirtualMachines/jdk1.8.0_181.jdk/Contents/Home/jre/lib/javaws.jar:/Library/Java/JavaVirtualMachines/jdk1.8.0_181.jdk/Contents/Home/jre/lib/jce.jar:/Library/Java/JavaVirtualMachines/jdk1.8.0_181.jdk/Contents/Home/jre/lib/jfr.jar:/Library/Java/JavaVirtualMachines/jdk1.8.0_181.jdk/Contents/Home/jre/lib/jfxswt.jar:/Library/Java/JavaVirtualMachines/jdk1.8.0_181.jdk/Contents/Home/jre/lib/jsse.jar:/Library/Java/JavaVirtualMachines/jdk1.8.0_181.jdk/Contents/Home/jre/lib/management-agent.jar:/Library/Java/JavaVirtualMachines/jdk1.8.0_181.jdk/Contents/Home/jre/lib/plugin.jar:/Library/Java/JavaVirtualMachines/jdk1.8.0_181.jdk/Contents/Home/jre/lib/resources.jar:/Library/Java/JavaVirtualMachines/jdk1.8.0_181.jdk/Contents/Home/jre/lib/rt.jar:/Library/Java/JavaVirtualMachines/jdk1.8.0_181.jdk/Contents/Home/lib/ant-javafx.jar:/Library/Java/JavaVirtualMachines/jdk1.8.0_181.jdk/Contents/Home/lib/dt.jar:/Library/Java/JavaVirtualMachines/jdk1.8.0_181.jdk/Contents/Home/lib/javafx-mx.jar:/Library/Java/JavaVirtualMachines/jdk1.8.0_181.jdk/Contents/Home/lib/jconsole.jar:/Library/Java/JavaVirtualMachines/jdk1.8.0_181.jdk/Contents/Home/lib/packager.jar:/Library/Java/JavaVirtualMachines/jdk1.8.0_181.jdk/Contents/Home/lib/sa-jdi.jar:/Library/Java/JavaVirtualMachines/jdk1.8.0_181.jdk/Contents/Home/lib/tools.jar:/Users/eugene/projects/Frontend-01-Template/out/production/Frontend-01-Template com.geek.GCLogAnalysis
[GC (Allocation Failure) [DefNew: 69952K->8704K(78656K), 0.0662414 secs] 69952K->58202K(253440K), 0.0662938 secs] [Times: user=0.05 sys=0.02, real=0.07 secs] 
[GC (Allocation Failure) [DefNew: 78656K->8703K(78656K), 0.0765334 secs] 128154K->116854K(253440K), 0.0765569 secs] [Times: user=0.06 sys=0.02, real=0.07 secs] 
[GC (Allocation Failure) [DefNew: 78655K->8704K(78656K), 0.0747087 secs] 186806K->175117K(253440K), 0.0747345 secs] [Times: user=0.07 sys=0.02, real=0.07 secs] 
[GC (Allocation Failure) [DefNew: 78656K->78656K(78656K), 0.0000203 secs][Tenured: 166413K->165759K(174784K), 0.1423076 secs] 245069K->165759K(253440K), [Metaspace: 3329K->3329K(1056768K)], 0.1423613 secs] [Times: user=0.14 sys=0.00, real=0.14 secs] 
[GC (Allocation Failure) [DefNew: 69952K->69952K(78656K), 0.0000134 secs][Tenured: 165759K->174772K(174784K), 0.1646540 secs] 235711K->181322K(253440K), [Metaspace: 3329K->3329K(1056768K)], 0.1647006 secs] [Times: user=0.16 sys=0.00, real=0.17 secs] 
[Full GC (Allocation Failure) [Tenured: 174772K->174779K(174784K), 0.1621944 secs] 253424K->193419K(253440K), [Metaspace: 3330K->3330K(1056768K)], 0.1622246 secs] [Times: user=0.17 sys=0.00, real=0.17 secs] 
[Full GC (Allocation Failure) [Tenured: 174779K->174775K(174784K), 0.1804567 secs] 253401K->191570K(253440K), [Metaspace: 3330K->3330K(1056768K)], 0.1804915 secs] [Times: user=0.18 sys=0.01, real=0.18 secs] 
[Full GC (Allocation Failure) [Tenured: 174775K->174773K(174784K), 0.1804901 secs] 253410K->205689K(253440K), [Metaspace: 3330K->3330K(1056768K)], 0.1805264 secs] [Times: user=0.18 sys=0.00, real=0.18 secs] 
[Full GC (Allocation Failure) [Tenured: 174773K->174776K(174784K), 0.1835177 secs] 253425K->208052K(253440K), [Metaspace: 3464K->3464K(1056768K)], 0.1835522 secs] [Times: user=0.18 sys=0.01, real=0.18 secs] 
[Full GC (Allocation Failure) [Tenured: 174776K->174783K(174784K), 0.1816506 secs] 253431K->211089K(253440K), [Metaspace: 3480K->3480K(1056768K)], 0.1816869 secs] [Times: user=0.18 sys=0.00, real=0.18 secs] 
[Full GC (Allocation Failure) [Tenured: 174783K->174769K(174784K), 0.1904245 secs] 253410K->203956K(253440K), [Metaspace: 3622K->3622K(1056768K)], 0.1904595 secs] [Times: user=0.19 sys=0.00, real=0.19 secs] 
[Full GC (Allocation Failure) [Tenured: 174769K->174761K(174784K), 0.1794887 secs] 253406K->214798K(253440K), [Metaspace: 3651K->3651K(1056768K)], 0.1795246 secs] [Times: user=0.18 sys=0.00, real=0.18 secs] 
[Full GC (Allocation Failure) [Tenured: 174761K->174776K(174784K), 0.1820729 secs] 253410K->215965K(253440K), [Metaspace: 3802K->3802K(1056768K)], 0.1821091 secs] [Times: user=0.18 sys=0.00, real=0.18 secs] 
[Full GC (Allocation Failure) [Tenured: 174776K->174764K(174784K), 0.1804885 secs] 253411K->216474K(253440K), [Metaspace: 3816K->3816K(1056768K)], 0.1805252 secs] [Times: user=0.18 sys=0.00, real=0.18 secs] 
[Full GC (Allocation Failure) [Tenured: 174764K->174783K(174784K), 0.1881416 secs] 253401K->208328K(253440K), [Metaspace: 3818K->3818K(1056768K)], 0.1881788 secs] [Times: user=0.19 sys=0.00, real=0.19 secs] 
[Full GC (Allocation Failure) [Tenured: 174783K->174764K(174784K), 0.1787287 secs] 253438K->217237K(253440K), [Metaspace: 3818K->3818K(1056768K)], 0.1787660 secs] [Times: user=0.18 sys=0.00, real=0.18 secs] 
[Full GC (Allocation Failure) [Tenured: 174764K->174749K(174784K), 0.1838571 secs] 253417K->218174K(253440K), [Metaspace: 3818K->3818K(1056768K)], 0.1838947 secs] [Times: user=0.18 sys=0.00, real=0.18 secs] 
[Full GC (Allocation Failure) [Tenured: 174749K->174776K(174784K), 0.1842070 secs] 253399K->218357K(253440K), [Metaspace: 3818K->3818K(1056768K)], 0.1842455 secs] [Times: user=0.19 sys=0.00, real=0.19 secs] 
[Full GC (Allocation Failure) [Tenured: 174776K->174783K(174784K), 0.1883526 secs] 253425K->209641K(253440K), [Metaspace: 3818K->3818K(1056768K)], 0.1883879 secs] [Times: user=0.19 sys=0.00, real=0.19 secs] 
[Full GC (Allocation Failure) [Tenured: 174783K->174779K(174784K), 0.1843972 secs] 253434K->218748K(253440K), [Metaspace: 3818K->3818K(1056768K)], 0.1844353 secs] [Times: user=0.18 sys=0.00, real=0.19 secs] 
[Full GC (Allocation Failure) [Tenured: 174779K->174766K(174784K), 0.1849462 secs] 253426K->219302K(253440K), [Metaspace: 3818K->3818K(1056768K)], 0.1849833 secs] [Times: user=0.18 sys=0.00, real=0.19 secs] 
[Full GC (Allocation Failure) [Tenured: 174766K->174767K(174784K), 0.1956230 secs] 253397K->219584K(253440K), [Metaspace: 3818K->3818K(1056768K)], 0.1956583 secs] [Times: user=0.20 sys=0.01, real=0.20 secs] 
[Full GC (Allocation Failure) [Tenured: 174767K->174770K(174784K), 0.2039105 secs] 253402K->210912K(253440K), [Metaspace: 3818K->3818K(1056768K)], 0.2039482 secs] [Times: user=0.21 sys=0.00, real=0.20 secs] 
[Full GC (Allocation Failure) [Tenured: 174770K->174772K(174784K), 0.1773561 secs] 253392K->219612K(253440K), [Metaspace: 3818K->3818K(1056768K)], 0.1773920 secs] [Times: user=0.18 sys=0.00, real=0.17 secs] 
[Full GC (Allocation Failure) [Tenured: 174772K->174775K(174784K), 0.1827018 secs] 253420K->220362K(253440K), [Metaspace: 3818K->3818K(1056768K)], 0.1827377 secs] [Times: user=0.18 sys=0.00, real=0.18 secs] 
[Full GC (Allocation Failure) [Tenured: 174775K->174772K(174784K), 0.1837884 secs] 253416K->220551K(253440K), [Metaspace: 3822K->3822K(1056768K)], 0.1838238 secs] [Times: user=0.18 sys=0.00, real=0.19 secs] 
[Full GC (Allocation Failure) [Tenured: 174772K->174750K(174784K), 0.1884810 secs] 253407K->211951K(253440K), [Metaspace: 3822K->3822K(1056768K)], 0.1885162 secs] [Times: user=0.19 sys=0.00, real=0.19 secs] 
[Full GC (Allocation Failure) [Tenured: 174750K->174777K(174784K), 0.1843996 secs] 253380K->220830K(253440K), [Metaspace: 3822K->3822K(1056768K)], 0.1844389 secs] [Times: user=0.19 sys=0.00, real=0.19 secs] 
[Full GC (Allocation Failure) [Tenured: 174777K->174760K(174784K), 0.1876848 secs] 253411K->221150K(253440K), [Metaspace: 3822K->3822K(1056768K)], 0.1877232 secs] [Times: user=0.19 sys=0.00, real=0.19 secs] 
[Full GC (Allocation Failure) [Tenured: 174760K->174781K(174784K), 0.1849564 secs] 253399K->221028K(253440K), [Metaspace: 3822K->3822K(1056768K)], 0.1849920 secs] [Times: user=0.18 sys=0.00, real=0.18 secs] 
[Full GC (Allocation Failure) [Tenured: 174781K->174762K(174784K), 0.1912403 secs] 253432K->211725K(253440K), [Metaspace: 3822K->3822K(1056768K)], 0.1912761 secs] [Times: user=0.19 sys=0.00, real=0.19 secs] 
[Full GC (Allocation Failure) [Tenured: 174783K->174770K(174784K), 0.1808681 secs] 253437K->220305K(253440K), [Metaspace: 3822K->3822K(1056768K)], 0.1809023 secs] [Times: user=0.18 sys=0.00, real=0.18 secs] 
[Full GC (Allocation Failure) [Tenured: 174777K->174757K(174784K), 0.1845183 secs] 253427K->220534K(253440K), [Metaspace: 3822K->3822K(1056768K)], 0.1845523 secs] [Times: user=0.19 sys=0.00, real=0.18 secs] 
[Full GC (Allocation Failure) [Tenured: 174757K->174772K(174784K), 0.1837708 secs] 253409K->220075K(253440K), [Metaspace: 3822K->3822K(1056768K)], 0.1838068 secs] [Times: user=0.18 sys=0.00, real=0.19 secs] 
[Full GC (Allocation Failure) [Tenured: 174772K->174780K(174784K), 0.1885677 secs] 253397K->211397K(253440K), [Metaspace: 3822K->3822K(1056768K)], 0.1886047 secs] [Times: user=0.18 sys=0.00, real=0.19 secs] 
[Full GC (Allocation Failure) [Tenured: 174780K->174767K(174784K), 0.1831990 secs] 253434K->220172K(253440K), [Metaspace: 3822K->3822K(1056768K)], 0.1832381 secs] [Times: user=0.18 sys=0.00, real=0.19 secs] 
[Full GC (Allocation Failure) [Tenured: 174767K->174762K(174784K), 0.1818935 secs] 253409K->220387K(253440K), [Metaspace: 3822K->3822K(1056768K)], 0.1819288 secs] [Times: user=0.18 sys=0.00, real=0.18 secs] 
[Full GC (Allocation Failure) [Tenured: 174762K->174772K(174784K), 0.1844050 secs] 253389K->220582K(253440K), [Metaspace: 3822K->3822K(1056768K)], 0.1844397 secs] [Times: user=0.18 sys=0.00, real=0.18 secs] 
[Full GC (Allocation Failure) [Tenured: 174772K->174773K(174784K), 0.1898624 secs] 253424K->211893K(253440K), [Metaspace: 3822K->3822K(1056768K)], 0.1898976 secs] [Times: user=0.18 sys=0.00, real=0.19 secs] 
[Full GC (Allocation Failure) [Tenured: 174773K->174775K(174784K), 0.1817286 secs] 253400K->220716K(253440K), [Metaspace: 3822K->3822K(1056768K)], 0.1817636 secs] [Times: user=0.18 sys=0.00, real=0.18 secs] 
[Full GC (Allocation Failure) [Tenured: 174775K->174771K(174784K), 0.1862416 secs] 253415K->220324K(253440K), [Metaspace: 3822K->3822K(1056768K)], 0.1862774 secs] [Times: user=0.18 sys=0.00, real=0.19 secs] 
[Full GC (Allocation Failure) [Tenured: 174771K->174770K(174784K), 0.1841769 secs] 253413K->220499K(253440K), [Metaspace: 3822K->3822K(1056768K)], 0.1842124 secs] [Times: user=0.18 sys=0.00, real=0.18 secs] 
[Full GC (Allocation Failure) [Tenured: 174770K->174754K(174784K), 0.1890716 secs] 253408K->212029K(253440K), [Metaspace: 3822K->3822K(1056768K)], 0.1891071 secs] [Times: user=0.19 sys=0.01, real=0.19 secs] 
[Full GC (Allocation Failure) [Tenured: 174782K->174781K(174784K), 0.1837030 secs] 253438K->221044K(253440K), [Metaspace: 3822K->3822K(1056768K)], 0.1837415 secs] [Times: user=0.19 sys=0.00, real=0.18 secs] 
[Full GC (Allocation Failure) [Tenured: 174781K->174782K(174784K), 0.1823702 secs] 253433K->221061K(253440K), [Metaspace: 3822K->3822K(1056768K)], 0.1824070 secs] [Times: user=0.18 sys=0.00, real=0.18 secs] 
[Full GC (Allocation Failure) [Tenured: 174782K->174772K(174784K), 0.1861097 secs] 253416K->220526K(253440K), [Metaspace: 3822K->3822K(1056768K)], 0.1861476 secs] [Times: user=0.18 sys=0.00, real=0.19 secs] 
[Full GC (Allocation Failure) [Tenured: 174772K->174763K(174784K), 0.1915689 secs] 253425K->211898K(253440K), [Metaspace: 3822K->3822K(1056768K)], 0.1916033 secs] [Times: user=0.19 sys=0.00, real=0.19 secs] 
[Full GC (Allocation Failure) [Tenured: 174763K->174783K(174784K), 0.1844399 secs] 253406K->221264K(253440K), [Metaspace: 3822K->3822K(1056768K)], 0.1844749 secs] [Times: user=0.18 sys=0.00, real=0.18 secs] 
[Full GC (Allocation Failure) [Tenured: 174783K->174772K(174784K), 0.1811565 secs] 253429K->220919K(253440K), [Metaspace: 3822K->3822K(1056768K)], 0.1811930 secs] [Times: user=0.19 sys=0.00, real=0.18 secs] 
[Full GC (Allocation Failure) [Tenured: 174772K->174763K(174784K), 0.1848483 secs] 253416K->221031K(253440K), [Metaspace: 3822K->3822K(1056768K)], 0.1848838 secs] [Times: user=0.19 sys=0.00, real=0.18 secs] 
[Full GC (Allocation Failure) [Tenured: 174763K->174770K(174784K), 0.1870790 secs] 253404K->212024K(253440K), [Metaspace: 3822K->3822K(1056768K)], 0.1871176 secs] [Times: user=0.19 sys=0.00, real=0.18 secs] 
[Full GC (Allocation Failure) [Tenured: 174770K->174753K(174784K), 0.1813465 secs] 253421K->220340K(253440K), [Metaspace: 3822K->3822K(1056768K)], 0.1813819 secs] [Times: user=0.18 sys=0.00, real=0.18 secs] 
[Full GC (Allocation Failure) [Tenured: 174753K->174776K(174784K), 0.1831308 secs] 253376K->220210K(253440K), [Metaspace: 3822K->3822K(1056768K)], 0.1831661 secs] [Times: user=0.18 sys=0.00, real=0.18 secs] 
[Full GC (Allocation Failure) [Tenured: 174776K->174747K(174784K), 0.2036078 secs] 253431K->220423K(253440K), [Metaspace: 3822K->3822K(1056768K)], 0.2036558 secs] [Times: user=0.20 sys=0.01, real=0.20 secs] 
[Full GC (Allocation Failure) [Tenured: 174782K->174781K(174784K), 0.1923557 secs] 253427K->212305K(253440K), [Metaspace: 3822K->3822K(1056768K)], 0.1923956 secs] [Times: user=0.19 sys=0.00, real=0.20 secs] 
[Full GC (Allocation Failure) [Tenured: 174781K->174769K(174784K), 0.1812101 secs] 253413K->220654K(253440K), [Metaspace: 3822K->3822K(1056768K)], 0.1812450 secs] [Times: user=0.18 sys=0.00, real=0.18 secs] 
[Full GC (Allocation Failure) [Tenured: 174769K->174782K(174784K), 0.1907160 secs] 253424K->220308K(253440K), [Metaspace: 3822K->3822K(1056768K)], 0.1907529 secs] [Times: user=0.19 sys=0.00, real=0.19 secs] 
[Full GC (Allocation Failure) [Tenured: 174782K->174777K(174784K), 0.1852533 secs] 253435K->220330K(253440K), [Metaspace: 3822K->3822K(1056768K)], 0.1852902 secs] [Times: user=0.19 sys=0.00, real=0.18 secs] 
[Full GC (Allocation Failure) [Tenured: 174777K->174751K(174784K), 0.1881686 secs] 253424K->211551K(253440K), [Metaspace: 3822K->3822K(1056768K)], 0.1882344 secs] [Times: user=0.19 sys=0.00, real=0.19 secs] 
[Full GC (Allocation Failure) [Tenured: 174751K->174782K(174784K), 0.1831830 secs] 253376K->219900K(253440K), [Metaspace: 3822K->3822K(1056768K)], 0.1832187 secs] [Times: user=0.19 sys=0.00, real=0.18 secs] 
[Full GC (Allocation Failure) [Tenured: 174782K->174753K(174784K), 0.1820966 secs] 253434K->219552K(253440K), [Metaspace: 3822K->3822K(1056768K)], 0.1821354 secs] [Times: user=0.18 sys=0.00, real=0.19 secs] 
[Full GC (Allocation Failure) [Tenured: 174779K->174758K(174784K), 0.1876851 secs] 253434K->220326K(253440K), [Metaspace: 3822K->3822K(1056768K)], 0.1877213 secs] [Times: user=0.18 sys=0.00, real=0.19 secs] 
[Full GC (Allocation Failure) [Tenured: 174769K->174758K(174784K), 0.1874437 secs] 253422K->211776K(253440K), [Metaspace: 3822K->3822K(1056768K)], 0.1874791 secs] [Times: user=0.19 sys=0.00, real=0.19 secs] 
[Full GC (Allocation Failure) [Tenured: 174758K->174781K(174784K), 0.1819542 secs] 253387K->221168K(253440K), [Metaspace: 3822K->3822K(1056768K)], 0.1819906 secs] [Times: user=0.18 sys=0.00, real=0.18 secs] 
[Full GC (Allocation Failure) [Tenured: 174781K->174777K(174784K), 0.1849308 secs] 253431K->220813K(253440K), [Metaspace: 3822K->3822K(1056768K)], 0.1849663 secs] [Times: user=0.18 sys=0.00, real=0.19 secs] 
[Full GC (Allocation Failure) [Tenured: 174777K->174768K(174784K), 0.1832981 secs] 253419K->220007K(253440K), [Metaspace: 3822K->3822K(1056768K)], 0.1833340 secs] [Times: user=0.18 sys=0.00, real=0.19 secs] 
[Full GC (Allocation Failure) [Tenured: 174768K->174783K(174784K), 0.1874324 secs] 253421K->211757K(253440K), [Metaspace: 3822K->3822K(1056768K)], 0.1874692 secs] [Times: user=0.19 sys=0.00, real=0.19 secs] 
[Full GC (Allocation Failure) [Tenured: 174783K->174770K(174784K), 0.1847298 secs] 253418K->220640K(253440K), [Metaspace: 3822K->3822K(1056768K)], 0.1847672 secs] [Times: user=0.19 sys=0.00, real=0.18 secs] 
[Full GC (Allocation Failure) [Tenured: 174774K->174768K(174784K), 0.1838899 secs] 253426K->220393K(253440K), [Metaspace: 3822K->3822K(1056768K)], 0.1839265 secs] [Times: user=0.19 sys=0.00, real=0.18 secs] 
[Full GC (Allocation Failure) [Tenured: 174768K->174775K(174784K), 0.1829557 secs] 253422K->220432K(253440K), [Metaspace: 3822K->3822K(1056768K)], 0.1829917 secs] [Times: user=0.18 sys=0.00, real=0.19 secs] 
[Full GC (Allocation Failure) [Tenured: 174775K->174771K(174784K), 0.1862526 secs] 253422K->211797K(253440K), [Metaspace: 3822K->3822K(1056768K)], 0.1862903 secs] [Times: user=0.19 sys=0.00, real=0.19 secs] 
[Full GC (Allocation Failure) [Tenured: 174771K->174757K(174784K), 0.1835270 secs] 253422K->220625K(253440K), [Metaspace: 3822K->3822K(1056768K)], 0.1835648 secs] [Times: user=0.19 sys=0.00, real=0.18 secs] 
[Full GC (Allocation Failure) [Tenured: 174757K->174778K(174784K), 0.1895827 secs] 253392K->220245K(253440K), [Metaspace: 3822K->3822K(1056768K)], 0.1896191 secs] [Times: user=0.19 sys=0.00, real=0.19 secs] 
[Full GC (Allocation Failure) [Tenured: 174778K->174783K(174784K), 0.1850496 secs] 253413K->220650K(253440K), [Metaspace: 3822K->3822K(1056768K)], 0.1850844 secs] [Times: user=0.19 sys=0.00, real=0.18 secs] 
[Full GC (Allocation Failure) [Tenured: 174783K->174783K(174784K), 0.1883765 secs] 253419K->212046K(253440K), [Metaspace: 3822K->3822K(1056768K)], 0.1884121 secs] [Times: user=0.19 sys=0.00, real=0.19 secs] 
[Full GC (Allocation Failure) [Tenured: 174783K->174778K(174784K), 0.1843975 secs] 253423K->220467K(253440K), [Metaspace: 3822K->3822K(1056768K)], 0.1844320 secs] [Times: user=0.18 sys=0.00, real=0.18 secs] 
[Full GC (Allocation Failure) [Tenured: 174778K->174758K(174784K), 0.1879103 secs] 253413K->220682K(253440K), [Metaspace: 3822K->3822K(1056768K)], 0.1879459 secs] [Times: user=0.19 sys=0.00, real=0.18 secs] 
[Full GC (Allocation Failure) [Tenured: 174758K->174752K(174784K), 0.1857803 secs] 253404K->220799K(253440K), [Metaspace: 3822K->3822K(1056768K)], 0.1858138 secs] [Times: user=0.18 sys=0.00, real=0.18 secs] 
[Full GC (Allocation Failure) [Tenured: 174752K->174778K(174784K), 0.1876372 secs] 253387K->212122K(253440K), [Metaspace: 3822K->3822K(1056768K)], 0.1876726 secs] [Times: user=0.18 sys=0.01, real=0.18 secs] 
[Full GC (Allocation Failure) [Tenured: 174778K->174777K(174784K), 0.1800337 secs] 253410K->221101K(253440K), [Metaspace: 3822K->3822K(1056768K)], 0.1800706 secs] [Times: user=0.18 sys=0.00, real=0.18 secs] 
[Full GC (Allocation Failure) [Tenured: 174777K->174778K(174784K), 0.1843520 secs] 253418K->221167K(253440K), [Metaspace: 3822K->3822K(1056768K)], 0.1843878 secs] [Times: user=0.18 sys=0.00, real=0.18 secs] 
[Full GC (Allocation Failure) [Tenured: 174778K->174769K(174784K), 0.1845790 secs] 253433K->220758K(253440K), [Metaspace: 3822K->3822K(1056768K)], 0.1846282 secs] [Times: user=0.18 sys=0.00, real=0.18 secs] 
[Full GC (Allocation Failure) [Tenured: 174769K->174780K(174784K), 0.1873418 secs] 253386K->212032K(253440K), [Metaspace: 3822K->3822K(1056768K)], 0.1873767 secs] [Times: user=0.19 sys=0.00, real=0.19 secs] 
[Full GC (Allocation Failure) [Tenured: 174780K->174768K(174784K), 0.1814140 secs] 253409K->220685K(253440K), [Metaspace: 3822K->3822K(1056768K)], 0.1814534 secs] [Times: user=0.18 sys=0.00, real=0.19 secs] 
[Full GC (Allocation Failure) [Tenured: 174768K->174757K(174784K), 0.1851663 secs] 253407K->220664K(253440K), [Metaspace: 3822K->3822K(1056768K)], 0.1852013 secs] [Times: user=0.18 sys=0.00, real=0.18 secs] 
[Full GC (Allocation Failure) [Tenured: 174783K->174775K(174784K), 0.1884823 secs] 253423K->221062K(253440K), [Metaspace: 3822K->3822K(1056768K)], 0.1885177 secs] [Times: user=0.19 sys=0.00, real=0.19 secs] 
[Full GC (Allocation Failure) [Tenured: 174775K->174753K(174784K), 0.1887762 secs] 253408K->212488K(253440K), [Metaspace: 3822K->3822K(1056768K)], 0.1888139 secs] [Times: user=0.19 sys=0.00, real=0.19 secs] 
[Full GC (Allocation Failure) [Tenured: 174780K->174767K(174784K), 0.1804605 secs] 253435K->220986K(253440K), [Metaspace: 3822K->3822K(1056768K)], 0.1804974 secs] [Times: user=0.18 sys=0.00, real=0.18 secs] 
[Full GC (Allocation Failure) [Tenured: 174767K->174765K(174784K), 0.1837410 secs] 253420K->220936K(253440K), [Metaspace: 3822K->3822K(1056768K)], 0.1837760 secs] [Times: user=0.19 sys=0.00, real=0.19 secs] 
[Full GC (Allocation Failure) [Tenured: 174765K->174768K(174784K), 0.1865611 secs] 253413K->220974K(253440K), [Metaspace: 3822K->3822K(1056768K)], 0.1865972 secs] [Times: user=0.19 sys=0.00, real=0.19 secs] 
[Full GC (Allocation Failure) [Tenured: 174768K->174782K(174784K), 0.1885154 secs] 253418K->212142K(253440K), [Metaspace: 3822K->3822K(1056768K)], 0.1885501 secs] [Times: user=0.19 sys=0.00, real=0.19 secs] 
[Full GC (Allocation Failure) [Tenured: 174782K->174774K(174784K), 0.1814446 secs] 253431K->220493K(253440K), [Metaspace: 3822K->3822K(1056768K)], 0.1814824 secs] [Times: user=0.18 sys=0.00, real=0.18 secs] 
[Full GC (Allocation Failure) [Tenured: 174774K->174768K(174784K), 0.1820099 secs] 253425K->220686K(253440K), [Metaspace: 3822K->3822K(1056768K)], 0.1820457 secs] [Times: user=0.19 sys=0.00, real=0.18 secs] 
[Full GC (Allocation Failure) [Tenured: 174768K->174779K(174784K), 0.1835348 secs] 253421K->221096K(253440K), [Metaspace: 3822K->3822K(1056768K)], 0.1835693 secs] [Times: user=0.18 sys=0.00, real=0.18 secs] 
[Full GC (Allocation Failure) [Tenured: 174779K->174764K(174784K), 0.1905189 secs] 253432K->211956K(253440K), [Metaspace: 3822K->3822K(1056768K)], 0.1905570 secs] [Times: user=0.19 sys=0.00, real=0.19 secs] 
[Full GC (Allocation Failure) [Tenured: 174764K->174759K(174784K), 0.1799305 secs] 253403K->221161K(253440K), [Metaspace: 3822K->3822K(1056768K)], 0.1799648 secs] [Times: user=0.18 sys=0.00, real=0.18 secs] 
[Full GC (Allocation Failure) [Tenured: 174759K->174772K(174784K), 0.1828578 secs] 253392K->221142K(253440K), [Metaspace: 3822K->3822K(1056768K)], 0.1828929 secs] [Times: user=0.18 sys=0.00, real=0.19 secs] 
[Full GC (Allocation Failure) [Tenured: 174772K->174774K(174784K), 0.1843769 secs] 253427K->221214K(253440K), [Metaspace: 3822K->3822K(1056768K)], 0.1844229 secs] [Times: user=0.18 sys=0.00, real=0.18 secs] 
[Full GC (Allocation Failure) [Tenured: 174774K->174783K(174784K), 0.1893325 secs] 253430K->212266K(253440K), [Metaspace: 3822K->3822K(1056768K)], 0.1893705 secs] [Times: user=0.19 sys=0.00, real=0.19 secs] 
[Full GC (Allocation Failure) [Tenured: 174783K->174761K(174784K), 0.1848252 secs] 253425K->220649K(253440K), [Metaspace: 3822K->3822K(1056768K)], 0.1848609 secs] [Times: user=0.18 sys=0.00, real=0.18 secs] 
[Full GC (Allocation Failure) [Tenured: 174773K->174774K(174784K), 0.1845789 secs] 253428K->220498K(253440K), [Metaspace: 3822K->3822K(1056768K)], 0.1846143 secs] [Times: user=0.19 sys=0.00, real=0.18 secs] 
[Full GC (Allocation Failure) [Tenured: 174774K->174773K(174784K), 0.1829151 secs] 253412K->220881K(253440K), [Metaspace: 3822K->3822K(1056768K)], 0.1829516 secs] [Times: user=0.18 sys=0.00, real=0.18 secs] 
[Full GC (Allocation Failure) [Tenured: 174773K->174760K(174784K), 0.1901900 secs] 253416K->211937K(253440K), [Metaspace: 3822K->3822K(1056768K)], 0.1902261 secs] [Times: user=0.19 sys=0.00, real=0.19 secs] 
[Full GC (Allocation Failure) [Tenured: 174760K->174758K(174784K), 0.1795128 secs] 253405K->220465K(253440K), [Metaspace: 3822K->3822K(1056768K)], 0.1795483 secs] [Times: user=0.18 sys=0.00, real=0.18 secs] 
[Full GC (Allocation Failure) [Tenured: 174758K->174761K(174784K), 0.1861539 secs] 253390K->220160K(253440K), [Metaspace: 3822K->3822K(1056768K)], 0.1861901 secs] [Times: user=0.19 sys=0.00, real=0.18 secs] 
[Full GC (Allocation Failure) [Tenured: 174774K->174777K(174784K), 0.1835573 secs] 253420K->220086K(253440K), [Metaspace: 3822K->3822K(1056768K)], 0.1835921 secs] [Times: user=0.19 sys=0.00, real=0.18 secs] 
[Full GC (Allocation Failure) [Tenured: 174777K->174756K(174784K), 0.1892537 secs] 253425K->211344K(253440K), [Metaspace: 3822K->3822K(1056768K)], 0.1892891 secs] [Times: user=0.19 sys=0.00, real=0.19 secs] 
[Full GC (Allocation Failure) [Tenured: 174756K->174775K(174784K), 0.1804808 secs] 253411K->220234K(253440K), [Metaspace: 3822K->3822K(1056768K)], 0.1805166 secs] [Times: user=0.18 sys=0.00, real=0.18 secs] 
[Full GC (Allocation Failure) [Tenured: 174775K->174777K(174784K), 0.1839453 secs] 253423K->219758K(253440K), [Metaspace: 3822K->3822K(1056768K)], 0.1839817 secs] [Times: user=0.19 sys=0.00, real=0.18 secs] 
[Full GC (Allocation Failure) [Tenured: 174777K->174760K(174784K), 0.1828187 secs] 253424K->220033K(253440K), [Metaspace: 3822K->3822K(1056768K)], 0.1828555 secs] [Times: user=0.18 sys=0.00, real=0.18 secs] 
[Full GC (Allocation Failure) [Tenured: 174783K->174768K(174784K), 0.1890538 secs] 253419K->211537K(253440K), [Metaspace: 3822K->3822K(1056768K)], 0.1890875 secs] [Times: user=0.18 sys=0.00, real=0.19 secs] 
[Full GC (Allocation Failure) [Tenured: 174768K->174770K(174784K), 0.1785049 secs] 253413K->220367K(253440K), [Metaspace: 3822K->3822K(1056768K)], 0.1785411 secs] [Times: user=0.18 sys=0.00, real=0.18 secs] 
[Full GC (Allocation Failure) [Tenured: 174770K->174782K(174784K), 0.1889939 secs] 253424K->220411K(253440K), [Metaspace: 3822K->3822K(1056768K)], 0.1890311 secs] [Times: user=0.19 sys=0.00, real=0.19 secs] 
[Full GC (Allocation Failure) [Tenured: 174782K->174782K(174784K), 0.1819959 secs] 253413K->220360K(253440K), [Metaspace: 3822K->3822K(1056768K)], 0.1820328 secs] [Times: user=0.18 sys=0.00, real=0.18 secs] 
[Full GC (Allocation Failure) [Tenured: 174782K->174771K(174784K), 0.1861528 secs] 253424K->211320K(253440K), [Metaspace: 3822K->3822K(1056768K)], 0.1861863 secs] [Times: user=0.18 sys=0.00, real=0.19 secs] 
[Full GC (Allocation Failure) [Tenured: 174771K->174750K(174784K), 0.1795362 secs] 253418K->219735K(253440K), [Metaspace: 3822K->3822K(1056768K)], 0.1795730 secs] [Times: user=0.17 sys=0.00, real=0.18 secs] 
[Full GC (Allocation Failure) [Tenured: 174766K->174775K(174784K), 0.1887019 secs] 253419K->220268K(253440K), [Metaspace: 3822K->3822K(1056768K)], 0.1887393 secs] [Times: user=0.19 sys=0.00, real=0.19 secs] 
[Full GC (Allocation Failure) [Tenured: 174775K->174772K(174784K), 0.1840576 secs] 253431K->220165K(253440K), [Metaspace: 3822K->3822K(1056768K)], 0.1840935 secs] [Times: user=0.18 sys=0.00, real=0.18 secs] 
[Full GC (Allocation Failure) [Tenured: 174772K->174763K(174784K), 0.1892411 secs] 253398K->211614K(253440K), [Metaspace: 3822K->3822K(1056768K)], 0.1892796 secs] [Times: user=0.18 sys=0.00, real=0.19 secs] 
[Full GC (Allocation Failure) [Tenured: 174763K->174759K(174784K), 0.1786348 secs] 253417K->220359K(253440K), [Metaspace: 3822K->3822K(1056768K)], 0.1786732 secs] [Times: user=0.18 sys=0.00, real=0.18 secs] 
[Full GC (Allocation Failure) [Tenured: 174782K->174782K(174784K), 0.1843054 secs] 253426K->220619K(253440K), [Metaspace: 3822K->3822K(1056768K)], 0.1843439 secs] [Times: user=0.18 sys=0.00, real=0.18 secs] 
[Full GC (Allocation Failure) [Tenured: 174782K->174766K(174784K), 0.1841541 secs] 253435K->220738K(253440K), [Metaspace: 3822K->3822K(1056768K)], 0.1841912 secs] [Times: user=0.18 sys=0.00, real=0.19 secs] 
[Full GC (Allocation Failure) [Tenured: 174766K->174773K(174784K), 0.1872201 secs] 253419K->211804K(253440K), [Metaspace: 3822K->3822K(1056768K)], 0.1872563 secs] [Times: user=0.19 sys=0.00, real=0.19 secs] 
[Full GC (Allocation Failure) [Tenured: 174773K->174762K(174784K), 0.1825369 secs] 253420K->220859K(253440K), [Metaspace: 3822K->3822K(1056768K)], 0.1825715 secs] [Times: user=0.19 sys=0.00, real=0.18 secs] 
[Full GC (Allocation Failure) [Tenured: 174762K->174765K(174784K), 0.1845029 secs] 253409K->220694K(253440K), [Metaspace: 3822K->3822K(1056768K)], 0.1845392 secs] [Times: user=0.18 sys=0.01, real=0.18 secs] 
[Full GC (Allocation Failure) [Tenured: 174765K->174759K(174784K), 0.1832716 secs] 253399K->220297K(253440K), [Metaspace: 3822K->3822K(1056768K)], 0.1833087 secs] [Times: user=0.18 sys=0.00, real=0.19 secs] 
[Full GC (Allocation Failure) [Tenured: 174759K->174762K(174784K), 0.1898647 secs] 253401K->211871K(253440K), [Metaspace: 3822K->3822K(1056768K)], 0.1899017 secs] [Times: user=0.19 sys=0.00, real=0.19 secs] 
[Full GC (Allocation Failure) [Tenured: 174783K->174756K(174784K), 0.1854121 secs] 253433K->220617K(253440K), [Metaspace: 3822K->3822K(1056768K)], 0.1854456 secs] [Times: user=0.18 sys=0.00, real=0.19 secs] 
[Full GC (Allocation Failure) [Tenured: 174783K->174769K(174784K), 0.1909703 secs] 253431K->220283K(253440K), [Metaspace: 3822K->3822K(1056768K)], 0.1910050 secs] [Times: user=0.19 sys=0.00, real=0.19 secs] 
[Full GC (Allocation Failure) [Tenured: 174777K->174767K(174784K), 0.1824480 secs] 253431K->220238K(253440K), [Metaspace: 3822K->3822K(1056768K)], 0.1824838 secs] [Times: user=0.18 sys=0.00, real=0.18 secs] 
[Full GC (Allocation Failure) [Tenured: 174767K->174778K(174784K), 0.1857863 secs] 253397K->211826K(253440K), [Metaspace: 3822K->3822K(1056768K)], 0.1858206 secs] [Times: user=0.19 sys=0.00, real=0.19 secs] 
[Full GC (Allocation Failure) [Tenured: 174778K->174757K(174784K), 0.1799625 secs] 253423K->220232K(253440K), [Metaspace: 3822K->3822K(1056768K)], 0.1799982 secs] [Times: user=0.18 sys=0.00, real=0.18 secs] 
[Full GC (Allocation Failure) [Tenured: 174783K->174763K(174784K), 0.1925592 secs] 253414K->220649K(253440K), [Metaspace: 3822K->3822K(1056768K)], 0.1925964 secs] [Times: user=0.20 sys=0.00, real=0.20 secs] 
[Full GC (Allocation Failure) [Tenured: 174763K->174763K(174784K), 0.2008688 secs] 253406K->220476K(253440K), [Metaspace: 3822K->3822K(1056768K)], 0.2009042 secs] [Times: user=0.20 sys=0.00, real=0.20 secs] 
[Full GC (Allocation Failure) [Tenured: 174763K->174781K(174784K), 0.1895639 secs] 253399K->211885K(253440K), [Metaspace: 3822K->3822K(1056768K)], 0.1895999 secs] [Times: user=0.19 sys=0.00, real=0.19 secs] 
[Full GC (Allocation Failure) [Tenured: 174781K->174757K(174784K), 0.1909078 secs] 253415K->220875K(253440K), [Metaspace: 3822K->3822K(1056768K)], 0.1909438 secs] [Times: user=0.19 sys=0.00, real=0.19 secs] 
[Full GC (Allocation Failure) [Tenured: 174770K->174759K(174784K), 0.1855882 secs] 253415K->220986K(253440K), [Metaspace: 3822K->3822K(1056768K)], 0.1856238 secs] [Times: user=0.18 sys=0.00, real=0.19 secs] 
[Full GC (Allocation Failure) [Tenured: 174759K->174771K(174784K), 0.1964862 secs] 253389K->220592K(253440K), [Metaspace: 3822K->3822K(1056768K)], 0.1965224 secs] [Times: user=0.19 sys=0.00, real=0.20 secs] 
[Full GC (Allocation Failure) [Tenured: 174771K->174772K(174784K), 0.1973446 secs] 253423K->211767K(253440K), [Metaspace: 3822K->3822K(1056768K)], 0.1973792 secs] [Times: user=0.19 sys=0.00, real=0.20 secs] 
[Full GC (Allocation Failure) [Tenured: 174772K->174759K(174784K), 0.1895411 secs] 253406K->220031K(253440K), [Metaspace: 3822K->3822K(1056768K)], 0.1895782 secs] [Times: user=0.19 sys=0.00, real=0.19 secs] 
[Full GC (Allocation Failure) [Tenured: 174759K->174762K(174784K), 0.1945754 secs] 253414K->220479K(253440K), [Metaspace: 3822K->3822K(1056768K)], 0.1946441 secs] [Times: user=0.19 sys=0.00, real=0.20 secs] 
[Full GC (Allocation Failure) [Tenured: 174762K->174777K(174784K), 0.1956976 secs] 253414K->220442K(253440K), [Metaspace: 3822K->3822K(1056768K)], 0.1957349 secs] [Times: user=0.20 sys=0.00, real=0.20 secs] 
[Full GC (Allocation Failure) [Tenured: 174777K->174765K(174784K), 0.1911855 secs] 253424K->211734K(253440K), [Metaspace: 3822K->3822K(1056768K)], 0.1912230 secs] [Times: user=0.19 sys=0.00, real=0.19 secs] 
[Full GC (Allocation Failure) [Tenured: 174765K->174781K(174784K), 0.1857625 secs] 253406K->220281K(253440K), [Metaspace: 3822K->3822K(1056768K)], 0.1858072 secs] [Times: user=0.19 sys=0.00, real=0.18 secs] 
[Full GC (Allocation Failure) [Tenured: 174781K->174762K(174784K), 0.1946665 secs] 253401K->220433K(253440K), [Metaspace: 3822K->3822K(1056768K)], 0.1947008 secs] [Times: user=0.20 sys=0.01, real=0.20 secs] 
[Full GC (Allocation Failure) [Tenured: 174762K->174765K(174784K), 0.1868447 secs] 253417K->220442K(253440K), [Metaspace: 3822K->3822K(1056768K)], 0.1868788 secs] [Times: user=0.18 sys=0.00, real=0.19 secs] 
[Full GC (Allocation Failure) [Tenured: 174765K->174760K(174784K), 0.1917710 secs] 253412K->211971K(253440K), [Metaspace: 3822K->3822K(1056768K)], 0.1918065 secs] [Times: user=0.19 sys=0.00, real=0.19 secs] 
[Full GC (Allocation Failure) [Tenured: 174760K->174778K(174784K), 0.1852223 secs] 253394K->220447K(253440K), [Metaspace: 3822K->3822K(1056768K)], 0.1852604 secs] [Times: user=0.19 sys=0.00, real=0.18 secs] 
[Full GC (Allocation Failure) [Tenured: 174778K->174782K(174784K), 0.1893473 secs] 253411K->220861K(253440K), [Metaspace: 3822K->3822K(1056768K)], 0.1893803 secs] [Times: user=0.19 sys=0.00, real=0.19 secs] 
[Full GC (Allocation Failure) [Tenured: 174782K->174773K(174784K), 0.1890208 secs] 253416K->221172K(253440K), [Metaspace: 3822K->3822K(1056768K)], 0.1890550 secs] [Times: user=0.19 sys=0.00, real=0.19 secs] 
[Full GC (Allocation Failure) [Tenured: 174773K->174778K(174784K), 0.1918238 secs] 253400K->212236K(253440K), [Metaspace: 3822K->3822K(1056768K)], 0.1918599 secs] [Times: user=0.19 sys=0.00, real=0.19 secs] 
[Full GC (Allocation Failure) [Tenured: 174778K->174757K(174784K), 0.1851203 secs] 253430K->220650K(253440K), [Metaspace: 3822K->3822K(1056768K)], 0.1851555 secs] [Times: user=0.18 sys=0.00, real=0.19 secs] 
[Full GC (Allocation Failure) [Tenured: 174783K->174774K(174784K), 0.1893875 secs] 253435K->220971K(253440K), [Metaspace: 3822K->3822K(1056768K)], 0.1894240 secs] [Times: user=0.18 sys=0.00, real=0.19 secs] 
[Full GC (Allocation Failure) [Tenured: 174782K->174776K(174784K), 0.1867914 secs] 253434K->221108K(253440K), [Metaspace: 3822K->3822K(1056768K)], 0.1868278 secs] [Times: user=0.18 sys=0.00, real=0.19 secs] 
[Full GC (Allocation Failure) [Tenured: 174776K->174774K(174784K), 0.1948494 secs] 253420K->212336K(253440K), [Metaspace: 3822K->3822K(1056768K)], 0.1949062 secs] [Times: user=0.19 sys=0.00, real=0.20 secs] 
[Full GC (Allocation Failure) [Tenured: 174774K->174779K(174784K), 0.1824436 secs] 253421K->221077K(253440K), [Metaspace: 3822K->3822K(1056768K)], 0.1824807 secs] [Times: user=0.19 sys=0.00, real=0.19 secs] 
[Full GC (Allocation Failure) [Tenured: 174779K->174780K(174784K), 0.1953745 secs] 253411K->221139K(253440K), [Metaspace: 3822K->3822K(1056768K)], 0.1954239 secs] [Times: user=0.19 sys=0.00, real=0.19 secs] 
Heap
 def new generation   total 78656K, used 62055K [0x00000007b0000000, 0x00000007b5550000, 0x00000007b5550000)
  eden space 69952K,  88% used [0x00000007b0000000, 0x00000007b3c99c98, 0x00000007b4450000)
  from space 8704K,   0% used [0x00000007b4cd0000, 0x00000007b4cd0000, 0x00000007b5550000)
  to   space 8704K,   0% used [0x00000007b4450000, 0x00000007b4450000, 0x00000007b4cd0000)
 tenured generation   total 174784K, used 174780K [0x00000007b5550000, 0x00000007c0000000, 0x00000007c0000000)
   the space 174784K,  99% used [0x00000007b5550000, 0x00000007bffff120, 0x00000007bffff200, 0x00000007c0000000)
 Metaspace       used 3830K, capacity 4604K, committed 4864K, reserved 1056768K
  class space    used 424K, capacity 428K, committed 512K, reserved 1048576K
```